
Bookモデルのテスト
  バリデーションのテスト
    titleカラム
      空欄でないこと
    bodyカラム
      空欄でないこと
      200文字以下であること: 200文字は〇
      200文字以下であること: 201文字は×
  アソシエーションのテスト
    Userモデルとの関係
      N:1となっている

Userモデルのテスト
  バリデーションのテスト
    nameカラム
      空欄でないこと
      2文字以上であること: 1文字は×
      2文字以上であること: 2文字は〇
      20文字以下であること: 20文字は〇
      20文字以下であること: 21文字は×
      一意性があること
    introductionカラム
      50文字以下であること: 50文字は〇
      50文字以下であること: 51文字は×
  アソシエーションのテスト
    Bookモデルとの関係
      1:Nとなっている

[STEP1] ユーザログイン前のテスト
  トップ画面のテスト
    表示内容の確認
      URLが正しい
      Log inリンクが表示される: 青色のボタンの表示が「Log in」である
      Log inリンクの内容が正しい
      Sign upリンクが表示される: 緑色のボタンの表示が「Sign up」である
      Sign upリンクの内容が正しい
  アバウト画面のテスト
    表示内容の確認
      URLが正しい
  ヘッダーのテスト: ログインしていない場合
    表示内容の確認
      Bookersリンクが表示される: 左上から1番目のリンクが「Bookers」である
      Homeリンクが表示される: 左上から2番目のリンクが「Home」である
      Aboutリンクが表示される: 左上から3番目のリンクが「About」である
      Sign upリンクが表示される: 左上から4番目のリンクが「Sign up」である
      Log inリンクが表示される: 左上から5番目のリンクが「Log in」である
    リンクの内容を確認
      Bookersを押すと、トップ画面に遷移する
      Homeを押すと、トップ画面に遷移する
      Aboutを押すと、アバウト画面に遷移する
      Sign upを押すと、新規登録画面に遷移する
      Log inを押すと、ログイン画面に遷移する
  ユーザ新規登録のテスト
    表示内容の確認
      URLが正しい
      「Sign up」と表示される
      nameフォームが表示される
      emailフォームが表示される
      passwordフォームが表示される
      password_confirmationフォームが表示される
      Sign upボタンが表示される
    新規登録成功のテスト
      正しく新規登録される
      新規登録後のリダイレクト先が、新規登録できたユーザの詳細画面になっている
  ユーザログイン
    表示内容の確認
      URLが正しい
      「Log in」と表示される
      nameフォームが表示される
      passwordフォームが表示される
      Log inボタンが表示される
      emailフォームは表示されない
    ログイン成功のテスト
      ログイン後のリダイレクト先が、ログインしたユーザの詳細画面になっている
    ログイン失敗のテスト
      ログインに失敗し、ログイン画面にリダイレクトされる
  ヘッダーのテスト: ログインしている場合
    ヘッダーの表示を確認
      Bookersリンクが表示される: 左上から1番目のリンクが「Bookers」である
      Homeリンクが表示される: 左上から2番目のリンクが「Home」である
      Usersリンクが表示される: 左上から3番目のリンクが「Users」である
      Booksリンクが表示される: 左上から4番目のリンクが「Books」である
      Log outリンクが表示される: 左上から5番目のリンクが「Log out」である
  ユーザログアウトのテスト
    ログアウト機能のテスト
      正しくログアウトできている: ログアウト後のリダイレクト先においてAbout画面へのリンクが存在する
      ログアウト後のリダイレクト先が、トップになっている

[STEP2] ユーザログイン後のテスト
  ヘッダーのテスト: ログインしている場合
    リンクの内容を確認: ※logoutは『ユーザログアウトのテスト』でテスト済みになります。
      Homeを押すと、自分のユーザ詳細画面に遷移する
      Usersを押すと、ユーザ一覧画面に遷移する
      Booksを押すと、投稿一覧画面に遷移する
  投稿一覧画面のテスト
    表示内容の確認
      URLが正しい
      自分と他人の画像のリンク先が正しい
      自分の投稿と他人の投稿のタイトルのリンク先がそれぞれ正しい
      自分の投稿と他人の投稿のオピニオンが表示される
    サイドバーの確認
      自分の名前と紹介文が表示される
      自分のユーザ編集画面へのリンクが存在する
      「New book」と表示される
      titleフォームが表示される
      titleフォームに値が入っていない
      bodyフォームが表示される
      bodyフォームに値が入っていない
      Create Bookボタンが表示される
    投稿成功のテスト
      自分の新しい投稿が正しく保存される
      リダイレクト先が、保存できた投稿の詳細画面になっている
  自分の投稿詳細画面のテスト
    表示内容の確認
      URLが正しい
      「Book detail」と表示される
      ユーザ画像・名前のリンク先が正しい
      投稿のtitleが表示される
      投稿のbodyが表示される
      投稿の編集リンクが表示される
      投稿の削除リンクが表示される
    サイドバーの確認
      自分の名前と紹介文が表示される
      自分のユーザ編集画面へのリンクが存在する
      「New book」と表示される
      titleフォームが表示される
      titleフォームに値が入っていない
      bodyフォームが表示される
      bodyフォームに値が入っていない
      Create Bookボタンが表示される
    投稿成功のテスト
      自分の新しい投稿が正しく保存される
    編集リンクのテスト
      編集画面に遷移する
    削除リンクのテスト
      application.html.erbにjavascript_pack_tagを含んでいる
      正しく削除される
      リダイレクト先が、投稿一覧画面になっている
  自分の投稿編集画面のテスト
    表示の確認
      URLが正しい
      「Editing Book」と表示される
      title編集フォームが表示される
      body編集フォームが表示される
      Update Bookボタンが表示される (FAILED - 1)
      Showリンクが表示される
      Backリンクが表示される
    編集成功のテスト
      titleが正しく更新される (FAILED - 2)
      bodyが正しく更新される (FAILED - 3)
      リダイレクト先が、更新した投稿の詳細画面になっている (FAILED - 4)
  ユーザ一覧画面のテスト
    表示内容の確認
      URLが正しい
      自分と他人の画像が表示される: fallbackの画像がサイドバーの1つ＋一覧(2人)の2つの計3つ存在する
      自分と他人の名前がそれぞれ表示される
      自分と他人のshowリンクがそれぞれ表示される
    サイドバーの確認
      自分の名前と紹介文が表示される
      自分のユーザ編集画面へのリンクが存在する
      「New book」と表示される
      titleフォームが表示される
      titleフォームに値が入っていない
      bodyフォームが表示される
      bodyフォームに値が入っていない
      Create Bookボタンが表示される
  自分のユーザ詳細画面のテスト
    表示の確認
      URLが正しい
      投稿一覧のユーザ画像のリンク先が正しい
      投稿一覧に自分の投稿のtitleが表示され、リンクが正しい
      投稿一覧に自分の投稿のbodyが表示される
      他人の投稿は表示されない
    サイドバーの確認
      自分の名前と紹介文が表示される
      自分のユーザ編集画面へのリンクが存在する
      「New book」と表示される
      titleフォームが表示される
      titleフォームに値が入っていない
      bodyフォームが表示される
      bodyフォームに値が入っていない
      Create Bookボタンが表示される
  自分のユーザ情報編集画面のテスト
    表示の確認
      URLが正しい
      名前編集フォームに自分の名前が表示される
      画像編集フォームが表示される
      自己紹介編集フォームに自分の自己紹介文が表示される
      Update Userボタンが表示される
    更新成功のテスト
      nameが正しく更新される
      introductionが正しく更新される
      リダイレクト先が、自分のユーザ詳細画面になっている

[STEP3] 仕上げのテスト
  サクセスメッセージのテスト
    ユーザ新規登録成功時
    ユーザログイン成功時
    ユーザログアウト成功時
    ユーザのプロフィール情報更新成功時
    投稿データの新規投稿成功時: 投稿一覧画面から行います。
    投稿データの更新成功時 (FAILED - 5)
  処理失敗時のテスト
    ユーザ新規登録失敗: nameを1文字にする
      新規登録されない
      新規登録画面を表示しており、フォームの内容が正しい
      バリデーションエラーが表示される
    ユーザのプロフィール情報編集失敗: nameを1文字にする
      更新されない
      ユーザ編集画面を表示しており、フォームの内容が正しい
      バリデーションエラーが表示される
    投稿データの新規投稿失敗: 投稿一覧画面から行い、titleを空にする
      投稿が保存されない
      投稿一覧画面を表示している
      新規投稿フォームの内容が正しい
      バリデーションエラーが表示される
    投稿データの更新失敗: titleを空にする
      投稿が更新されない (FAILED - 6)
      投稿編集画面を表示しており、フォームの内容が正しい (FAILED - 7)
      エラーメッセージが表示される (FAILED - 8)
  ログインしていない場合のアクセス制限のテスト: アクセスできず、ログイン画面に遷移する
    ユーザ一覧画面
    ユーザ詳細画面
    ユーザ情報編集画面
    投稿一覧画面
    投稿詳細画面
    投稿編集画面
  他人の画面のテスト
    他人の投稿詳細画面のテスト
      表示内容の確認
        URLが正しい
        「Book detail」と表示される
        ユーザ画像・名前のリンク先が正しい
        投稿のtitleが表示される
        投稿のopinionが表示される
        投稿の編集リンクが表示されない
        投稿の削除リンクが表示されない
      サイドバーの確認
        他人の名前と紹介文が表示される (FAILED - 9)
        他人のユーザ編集画面へのリンクが存在する (FAILED - 10)
        自分の名前と紹介文は表示されない (FAILED - 11)
        自分のユーザ編集画面へのリンクは存在しない (FAILED - 12)
    他人の投稿編集画面
      遷移できず、投稿一覧画面にリダイレクトされる
    他人のユーザ詳細画面のテスト
      表示の確認
        URLが正しい
        投稿一覧のユーザ画像のリンク先が正しい
        投稿一覧に他人の投稿のtitleが表示され、リンクが正しい
        投稿一覧に他人の投稿のopinionが表示される
        自分の投稿は表示されない
      サイドバーの確認
        他人の名前と紹介文が表示される
        他人のユーザ編集画面へのリンクが存在する
        自分の名前と紹介文は表示されない
        自分のユーザ編集画面へのリンクは存在しない
    他人のユーザ情報編集画面
      遷移できず、自分のユーザ詳細画面にリダイレクトされる
  グリッドシステムのテスト: container, row, col-md-〇を正しく使えている
    ユーザ一覧画面
    ユーザ詳細画面
    投稿一覧画面
    投稿詳細画面
  アイコンのテスト
    トップ画面
      本のアイコンが表示される
    アバウト画面
      本のアイコンが表示される (FAILED - 13)
    ヘッダー: ログインしていない場合
      Homeリンクのアイコンが表示される
      Aboutリンクのアイコンが表示される
      Sign upリンクのアイコンが表示される
      Log inリンクのアイコンが表示される
    ヘッダー: ログインしている場合
      Homeリンクのアイコンが表示される
      Usersリンクのアイコンが表示される
      Booksリンクのアイコンが表示される
      Log outリンクのアイコンが表示される
    サイドバー
      ユーザ一覧画面でレンチアイコンが表示される
      ユーザ詳細画面でレンチアイコンが表示される
      投稿一覧画面でレンチアイコンが表示される
      投稿詳細画面でレンチアイコンが表示される

Failures:

  1) [STEP2] ユーザログイン後のテスト 自分の投稿編集画面のテスト 表示の確認 Update Bookボタンが表示される
     Failure/Error: expect(page).to have_button 'Update Book'
       expected to find button "Update Book" that is not disabled but there were no matches
     # ./spec/system/02_after_login_spec.rb:226:in `block (4 levels) in <main>'

  2) [STEP2] ユーザログイン後のテスト 自分の投稿編集画面のテスト 編集成功のテスト titleが正しく更新される
     Failure/Error: click_button 'Update Book'

     Capybara::ElementNotFound:
       Unable to find button "Update Book" that is not disabled
     # /home/ec2-user/.rvm/gems/ruby-3.1.2/gems/capybara-3.37.1/lib/capybara/node/finders.rb:310:in `block in synced_resolve'
     # /home/ec2-user/.rvm/gems/ruby-3.1.2/gems/capybara-3.37.1/lib/capybara/node/base.rb:83:in `synchronize'
     # /home/ec2-user/.rvm/gems/ruby-3.1.2/gems/capybara-3.37.1/lib/capybara/node/finders.rb:299:in `synced_resolve'
     # /home/ec2-user/.rvm/gems/ruby-3.1.2/gems/capybara-3.37.1/lib/capybara/node/finders.rb:60:in `find'
     # /home/ec2-user/.rvm/gems/ruby-3.1.2/gems/capybara-3.37.1/lib/capybara/node/actions.rb:58:in `click_button'
     # /home/ec2-user/.rvm/gems/ruby-3.1.2/gems/capybara-3.37.1/lib/capybara/session.rb:771:in `click_button'
     # /home/ec2-user/.rvm/gems/ruby-3.1.2/gems/capybara-3.37.1/lib/capybara/dsl.rb:52:in `call'
     # /home/ec2-user/.rvm/gems/ruby-3.1.2/gems/capybara-3.37.1/lib/capybara/dsl.rb:52:in `click_button'
     # ./spec/system/02_after_login_spec.rb:242:in `block (4 levels) in <main>'

  3) [STEP2] ユーザログイン後のテスト 自分の投稿編集画面のテスト 編集成功のテスト bodyが正しく更新される
     Failure/Error: click_button 'Update Book'

     Capybara::ElementNotFound:
       Unable to find button "Update Book" that is not disabled
     # /home/ec2-user/.rvm/gems/ruby-3.1.2/gems/capybara-3.37.1/lib/capybara/node/finders.rb:310:in `block in synced_resolve'
     # /home/ec2-user/.rvm/gems/ruby-3.1.2/gems/capybara-3.37.1/lib/capybara/node/base.rb:83:in `synchronize'
     # /home/ec2-user/.rvm/gems/ruby-3.1.2/gems/capybara-3.37.1/lib/capybara/node/finders.rb:299:in `synced_resolve'
     # /home/ec2-user/.rvm/gems/ruby-3.1.2/gems/capybara-3.37.1/lib/capybara/node/finders.rb:60:in `find'
     # /home/ec2-user/.rvm/gems/ruby-3.1.2/gems/capybara-3.37.1/lib/capybara/node/actions.rb:58:in `click_button'
     # /home/ec2-user/.rvm/gems/ruby-3.1.2/gems/capybara-3.37.1/lib/capybara/session.rb:771:in `click_button'
     # /home/ec2-user/.rvm/gems/ruby-3.1.2/gems/capybara-3.37.1/lib/capybara/dsl.rb:52:in `call'
     # /home/ec2-user/.rvm/gems/ruby-3.1.2/gems/capybara-3.37.1/lib/capybara/dsl.rb:52:in `click_button'
     # ./spec/system/02_after_login_spec.rb:242:in `block (4 levels) in <main>'

  4) [STEP2] ユーザログイン後のテスト 自分の投稿編集画面のテスト 編集成功のテスト リダイレクト先が、更新した投稿の詳細画面になっている
     Failure/Error: click_button 'Update Book'

     Capybara::ElementNotFound:
       Unable to find button "Update Book" that is not disabled
     # /home/ec2-user/.rvm/gems/ruby-3.1.2/gems/capybara-3.37.1/lib/capybara/node/finders.rb:310:in `block in synced_resolve'
     # /home/ec2-user/.rvm/gems/ruby-3.1.2/gems/capybara-3.37.1/lib/capybara/node/base.rb:83:in `synchronize'
     # /home/ec2-user/.rvm/gems/ruby-3.1.2/gems/capybara-3.37.1/lib/capybara/node/finders.rb:299:in `synced_resolve'
     # /home/ec2-user/.rvm/gems/ruby-3.1.2/gems/capybara-3.37.1/lib/capybara/node/finders.rb:60:in `find'
     # /home/ec2-user/.rvm/gems/ruby-3.1.2/gems/capybara-3.37.1/lib/capybara/node/actions.rb:58:in `click_button'
     # /home/ec2-user/.rvm/gems/ruby-3.1.2/gems/capybara-3.37.1/lib/capybara/session.rb:771:in `click_button'
     # /home/ec2-user/.rvm/gems/ruby-3.1.2/gems/capybara-3.37.1/lib/capybara/dsl.rb:52:in `call'
     # /home/ec2-user/.rvm/gems/ruby-3.1.2/gems/capybara-3.37.1/lib/capybara/dsl.rb:52:in `click_button'
     # ./spec/system/02_after_login_spec.rb:242:in `block (4 levels) in <main>'

  5) [STEP3] 仕上げのテスト サクセスメッセージのテスト 投稿データの更新成功時
     Failure/Error: click_button 'Update Book'

     Capybara::ElementNotFound:
       Unable to find button "Update Book" that is not disabled
     # /home/ec2-user/.rvm/gems/ruby-3.1.2/gems/capybara-3.37.1/lib/capybara/node/finders.rb:310:in `block in synced_resolve'
     # /home/ec2-user/.rvm/gems/ruby-3.1.2/gems/capybara-3.37.1/lib/capybara/node/base.rb:83:in `synchronize'
     # /home/ec2-user/.rvm/gems/ruby-3.1.2/gems/capybara-3.37.1/lib/capybara/node/finders.rb:299:in `synced_resolve'
     # /home/ec2-user/.rvm/gems/ruby-3.1.2/gems/capybara-3.37.1/lib/capybara/node/finders.rb:60:in `find'
     # /home/ec2-user/.rvm/gems/ruby-3.1.2/gems/capybara-3.37.1/lib/capybara/node/actions.rb:58:in `click_button'
     # /home/ec2-user/.rvm/gems/ruby-3.1.2/gems/capybara-3.37.1/lib/capybara/session.rb:771:in `click_button'
     # /home/ec2-user/.rvm/gems/ruby-3.1.2/gems/capybara-3.37.1/lib/capybara/dsl.rb:52:in `call'
     # /home/ec2-user/.rvm/gems/ruby-3.1.2/gems/capybara-3.37.1/lib/capybara/dsl.rb:52:in `click_button'
     # ./spec/system/03_finishing_touches_spec.rb:64:in `block (3 levels) in <main>'

  6) [STEP3] 仕上げのテスト 処理失敗時のテスト 投稿データの更新失敗: titleを空にする 投稿が更新されない
     Failure/Error: click_button 'Update Book'

     Capybara::ElementNotFound:
       Unable to find button "Update Book" that is not disabled
     # /home/ec2-user/.rvm/gems/ruby-3.1.2/gems/capybara-3.37.1/lib/capybara/node/finders.rb:310:in `block in synced_resolve'
     # /home/ec2-user/.rvm/gems/ruby-3.1.2/gems/capybara-3.37.1/lib/capybara/node/base.rb:83:in `synchronize'
     # /home/ec2-user/.rvm/gems/ruby-3.1.2/gems/capybara-3.37.1/lib/capybara/node/finders.rb:299:in `synced_resolve'
     # /home/ec2-user/.rvm/gems/ruby-3.1.2/gems/capybara-3.37.1/lib/capybara/node/finders.rb:60:in `find'
     # /home/ec2-user/.rvm/gems/ruby-3.1.2/gems/capybara-3.37.1/lib/capybara/node/actions.rb:58:in `click_button'
     # /home/ec2-user/.rvm/gems/ruby-3.1.2/gems/capybara-3.37.1/lib/capybara/session.rb:771:in `click_button'
     # /home/ec2-user/.rvm/gems/ruby-3.1.2/gems/capybara-3.37.1/lib/capybara/dsl.rb:52:in `call'
     # /home/ec2-user/.rvm/gems/ruby-3.1.2/gems/capybara-3.37.1/lib/capybara/dsl.rb:52:in `click_button'
     # ./spec/system/03_finishing_touches_spec.rb:159:in `block (4 levels) in <main>'

  7) [STEP3] 仕上げのテスト 処理失敗時のテスト 投稿データの更新失敗: titleを空にする 投稿編集画面を表示しており、フォームの内容が正しい
     Failure/Error: click_button 'Update Book'

     Capybara::ElementNotFound:
       Unable to find button "Update Book" that is not disabled
     # /home/ec2-user/.rvm/gems/ruby-3.1.2/gems/capybara-3.37.1/lib/capybara/node/finders.rb:310:in `block in synced_resolve'
     # /home/ec2-user/.rvm/gems/ruby-3.1.2/gems/capybara-3.37.1/lib/capybara/node/base.rb:83:in `synchronize'
     # /home/ec2-user/.rvm/gems/ruby-3.1.2/gems/capybara-3.37.1/lib/capybara/node/finders.rb:299:in `synced_resolve'
     # /home/ec2-user/.rvm/gems/ruby-3.1.2/gems/capybara-3.37.1/lib/capybara/node/finders.rb:60:in `find'
     # /home/ec2-user/.rvm/gems/ruby-3.1.2/gems/capybara-3.37.1/lib/capybara/node/actions.rb:58:in `click_button'
     # /home/ec2-user/.rvm/gems/ruby-3.1.2/gems/capybara-3.37.1/lib/capybara/session.rb:771:in `click_button'
     # /home/ec2-user/.rvm/gems/ruby-3.1.2/gems/capybara-3.37.1/lib/capybara/dsl.rb:52:in `call'
     # /home/ec2-user/.rvm/gems/ruby-3.1.2/gems/capybara-3.37.1/lib/capybara/dsl.rb:52:in `click_button'
     # ./spec/system/03_finishing_touches_spec.rb:159:in `block (4 levels) in <main>'

  8) [STEP3] 仕上げのテスト 処理失敗時のテスト 投稿データの更新失敗: titleを空にする エラーメッセージが表示される
     Failure/Error: click_button 'Update Book'

     Capybara::ElementNotFound:
       Unable to find button "Update Book" that is not disabled
     # /home/ec2-user/.rvm/gems/ruby-3.1.2/gems/capybara-3.37.1/lib/capybara/node/finders.rb:310:in `block in synced_resolve'
     # /home/ec2-user/.rvm/gems/ruby-3.1.2/gems/capybara-3.37.1/lib/capybara/node/base.rb:83:in `synchronize'
     # /home/ec2-user/.rvm/gems/ruby-3.1.2/gems/capybara-3.37.1/lib/capybara/node/finders.rb:299:in `synced_resolve'
     # /home/ec2-user/.rvm/gems/ruby-3.1.2/gems/capybara-3.37.1/lib/capybara/node/finders.rb:60:in `find'
     # /home/ec2-user/.rvm/gems/ruby-3.1.2/gems/capybara-3.37.1/lib/capybara/node/actions.rb:58:in `click_button'
     # /home/ec2-user/.rvm/gems/ruby-3.1.2/gems/capybara-3.37.1/lib/capybara/session.rb:771:in `click_button'
     # /home/ec2-user/.rvm/gems/ruby-3.1.2/gems/capybara-3.37.1/lib/capybara/dsl.rb:52:in `call'
     # /home/ec2-user/.rvm/gems/ruby-3.1.2/gems/capybara-3.37.1/lib/capybara/dsl.rb:52:in `click_button'
     # ./spec/system/03_finishing_touches_spec.rb:159:in `block (4 levels) in <main>'

  9) [STEP3] 仕上げのテスト 他人の画面のテスト 他人の投稿詳細画面のテスト サイドバーの確認 他人の名前と紹介文が表示される
     Failure/Error: expect(page).to have_content other_user.introduction
       expected to find text "9ezmfgk558bwbzqjvzre" in "Bookers\nHome Users Books Log out\nUser info\nname 3a8vrvmp5l introduction q5mhj6hkdrltk8k6t2fu\nNew book\nTitle\nOpinion\nBook detail\n7qp63nij4b u1ta8 0x4di7f8ku8xyoihk2vo\nCopyRight Infratop.inc"
     # ./spec/system/03_finishing_touches_spec.rb:245:in `block (5 levels) in <main>'

  10) [STEP3] 仕上げのテスト 他人の画面のテスト 他人の投稿詳細画面のテスト サイドバーの確認 他人のユーザ編集画面へのリンクが存在する
      Failure/Error: expect(page).to have_link '', href: edit_user_path(other_user)
        expected to find link "" with href "/users/1/edit" but there were no matches
      # ./spec/system/03_finishing_touches_spec.rb:248:in `block (5 levels) in <main>'

  11) [STEP3] 仕上げのテスト 他人の画面のテスト 他人の投稿詳細画面のテスト サイドバーの確認 自分の名前と紹介文は表示されない
      Failure/Error: expect(page).not_to have_content user.name
        expected not to find text "2vr8plvruk" in "Bookers\nHome Users Books Log out\nUser info\nname 2vr8plvruk introduction 9ulbjd6pmx1zyv8qn96n\nNew book\nTitle\nOpinion\nBook detail\netdqzes6fy 8h9w2 em6lhwvdi7ip9t4r7sj8\nCopyRight Infratop.inc"
      # ./spec/system/03_finishing_touches_spec.rb:251:in `block (5 levels) in <main>'

  12) [STEP3] 仕上げのテスト 他人の画面のテスト 他人の投稿詳細画面のテスト サイドバーの確認 自分のユーザ編集画面へのリンクは存在しない
      Failure/Error: expect(page).not_to have_link '', href: edit_user_path(user)
        expected not to find visible link "" with href "/users/2/edit", found 1 match: ""
      # ./spec/system/03_finishing_touches_spec.rb:255:in `block (5 levels) in <main>'

  13) [STEP3] 仕上げのテスト アイコンのテスト アバウト画面 本のアイコンが表示される
      Failure/Error: is_expected.to have_selector '.fas.fa-book'
        expected to find css ".fas.fa-book" but there were no matches
      # ./spec/system/03_finishing_touches_spec.rb:370:in `block (4 levels) in <main>'

Finished in 1 minute 0.36 seconds (files took 3.58 seconds to load)
199 examples, 13 failures

Failed examples:

rspec ./spec/system/02_after_login_spec.rb:225 # [STEP2] ユーザログイン後のテスト 自分の投稿編集画面のテスト 表示の確認 Update Bookボタンが表示される
rspec ./spec/system/02_after_login_spec.rb:245 # [STEP2] ユーザログイン後のテスト 自分の投稿編集画面のテスト 編集成功のテスト titleが正しく更新される
rspec ./spec/system/02_after_login_spec.rb:248 # [STEP2] ユーザログイン後のテスト 自分の投稿編集画面のテスト 編集成功のテスト bodyが正しく更新される
rspec ./spec/system/02_after_login_spec.rb:251 # [STEP2] ユーザログイン後のテスト 自分の投稿編集画面のテスト 編集成功のテスト リダイレクト先が、更新した投稿の詳細画面になっている
rspec ./spec/system/03_finishing_touches_spec.rb:58 # [STEP3] 仕上げのテスト サクセスメッセージのテスト 投稿データの更新成功時
rspec ./spec/system/03_finishing_touches_spec.rb:162 # [STEP3] 仕上げのテスト 処理失敗時のテスト 投稿データの更新失敗: titleを空にする 投稿が更新されない
rspec ./spec/system/03_finishing_touches_spec.rb:165 # [STEP3] 仕上げのテスト 処理失敗時のテスト 投稿データの更新失敗: titleを空にする 投稿編集画面を表示しており、フォームの内容が正しい
rspec ./spec/system/03_finishing_touches_spec.rb:170 # [STEP3] 仕上げのテスト 処理失敗時のテスト 投稿データの更新失敗: titleを空にする エラーメッセージが表示される
rspec ./spec/system/03_finishing_touches_spec.rb:243 # [STEP3] 仕上げのテスト 他人の画面のテスト 他人の投稿詳細画面のテスト サイドバーの確認 他人の名前と紹介文が表示される
rspec ./spec/system/03_finishing_touches_spec.rb:247 # [STEP3] 仕上げのテスト 他人の画面のテスト 他人の投稿詳細画面のテスト サイドバーの確認 他人のユーザ編集画面へのリンクが存在する
rspec ./spec/system/03_finishing_touches_spec.rb:250 # [STEP3] 仕上げのテスト 他人の画面のテスト 他人の投稿詳細画面のテスト サイドバーの確認 自分の名前と紹介文は表示されない
rspec ./spec/system/03_finishing_touches_spec.rb:254 # [STEP3] 仕上げのテスト 他人の画面のテスト 他人の投稿詳細画面のテスト サイドバーの確認 自分のユーザ編集画面へのリンクは存在しない
rspec ./spec/system/03_finishing_touches_spec.rb:369 # [STEP3] 仕上げのテスト アイコンのテスト アバウト画面 本のアイコンが表示される

